{"http":{"type":"retry","url":"https://mapas.igac.gov.co/server/rest/services/minasyenergia?f=json","attempt":0,"delayMs":832,"reason":"body-error"}}
{"http":{"type":"retry","url":"https://mapas.igac.gov.co/server/rest/services/minasyenergia?f=json","attempt":1,"delayMs":1069,"reason":"body-error"}}
{"http":{"type":"retry","url":"https://mapas.igac.gov.co/server/rest/services/minasyenergia?f=json","attempt":2,"delayMs":2223,"reason":"body-error"}}
{"http":{"type":"retry","url":"https://mapas.igac.gov.co/server/rest/services/minasyenergia?f=json","attempt":3,"delayMs":7630,"reason":"body-error"}}
{"http":{"type":"error","url":"https://mapas.igac.gov.co/server/rest/services/minasyenergia?f=json","reason":"El servicio devolvió un error en el cuerpo: {\"error\":{\"code\":499,\"message\":\"Token Required\",\"details\":[]}}"}}
{"http":{"type":"retry","url":"https://mapas.igac.gov.co/server/rest/services/nombresgeograficos?f=json","attempt":0,"delayMs":936,"reason":"HTTP 504"}}
{"http":{"type":"retry","url":"https://mapas.igac.gov.co/server/rest/services/nombresgeograficos?f=json","attempt":1,"delayMs":1804,"reason":"body-error"}}
{"http":{"type":"retry","url":"https://mapas.igac.gov.co/server/rest/services/nombresgeograficos?f=json","attempt":2,"delayMs":2633,"reason":"body-error"}}
{"http":{"type":"retry","url":"https://mapas.igac.gov.co/server/rest/services/nombresgeograficos?f=json","attempt":3,"delayMs":7391,"reason":"body-error"}}
{"http":{"type":"error","url":"https://mapas.igac.gov.co/server/rest/services/nombresgeograficos?f=json","reason":"El servicio devolvió un error en el cuerpo: {\"error\":{\"code\":499,\"message\":\"Token Required\",\"details\":[]}}"}}
{"http":{"type":"retry","url":"https://mapas.igac.gov.co/server/rest/services/poblacion?f=json","attempt":0,"delayMs":609,"reason":"body-error"}}
{"http":{"type":"retry","url":"https://mapas.igac.gov.co/server/rest/services/poblacion?f=json","attempt":1,"delayMs":1396,"reason":"body-error"}}
{"http":{"type":"retry","url":"https://mapas.igac.gov.co/server/rest/services/poblacion?f=json","attempt":2,"delayMs":3200,"reason":"body-error"}}
{"http":{"type":"retry","url":"https://mapas.igac.gov.co/server/rest/services/poblacion?f=json","attempt":3,"delayMs":7730,"reason":"body-error"}}
{"http":{"type":"error","url":"https://mapas.igac.gov.co/server/rest/services/poblacion?f=json","reason":"El servicio devolvió un error en el cuerpo: {\"error\":{\"code\":499,\"message\":\"Token Required\",\"details\":[]}}"}}
{"http":{"type":"error","url":"https://mapas.igac.gov.co/server/rest/services/Datos_Fundamentales_Transporte_100k/MapServer/0/query?where=1%3D1&outFields=*&returnGeometry=false&f=json&returnCountOnly=true","reason":"This operation was aborted"}}
{"http":{"type":"retry","url":"https://mapas.igac.gov.co/server/rest/services/Datos_Fundamentales_Transporte_100k/MapServer/0/query?where=%281%3D1%29+AND+FID+%3E+-1+AND+FID+%3C%3D+4&outFields=*&returnGeometry=false&f=geojson","attempt":0,"delayMs":926,"reason":"This operation was aborted"}}
{"http":{"type":"error","url":"https://mapas.igac.gov.co/server/rest/services/Datos_Fundamentales_Transporte_100k/MapServer/1/query?where=1%3D1&outFields=*&returnGeometry=false&f=json&returnCountOnly=true","reason":"This operation was aborted"}}
{"http":{"type":"retry","url":"https://mapas.igac.gov.co/server/rest/services/Datos_Fundamentales_Transporte_100k/MapServer/1/query?where=%281%3D1%29+AND+FID+%3E+-1+AND+FID+%3C%3D+4&outFields=*&returnGeometry=false&f=geojson","attempt":0,"delayMs":952,"reason":"This operation was aborted"}}
{"http":{"type":"error","url":"https://mapas.igac.gov.co/server/rest/services/Datos_Fundamentales_Transporte_100k/MapServer/1/query?where=%281%3D1%29+AND+FID+%3E+-1+AND+FID+%3C%3D+4&outFields=*&returnGeometry=false&f=geojson","reason":"This operation was aborted"}}
{"http":{"type":"error","url":"https://mapas.igac.gov.co/server/rest/services/Datos_Fundamentales_Transporte_100k/MapServer/2/query?where=1%3D1&outFields=*&returnGeometry=false&f=json&returnCountOnly=true","reason":"This operation was aborted"}}
{"http":{"type":"retry","url":"https://mapas.igac.gov.co/server/rest/services/Datos_Fundamentales_Transporte_100k/MapServer/2/query?where=%281%3D1%29+AND+FID+%3E+-1+AND+FID+%3C%3D+4&outFields=*&returnGeometry=false&f=geojson","attempt":0,"delayMs":701,"reason":"This operation was aborted"}}
{"http":{"type":"error","url":"https://mapas.igac.gov.co/server/rest/services/Datos_Fundamentales_Transporte_100k/MapServer/3/query?where=1%3D1&outFields=*&returnGeometry=false&f=json&returnCountOnly=true","reason":"This operation was aborted"}}
{"http":{"type":"retry","url":"https://mapas.igac.gov.co/server/rest/services/Datos_Fundamentales_Transporte_100k/MapServer/3/query?where=%281%3D1%29+AND+FID+%3E+-1+AND+FID+%3C%3D+4&outFields=*&returnGeometry=false&f=geojson","attempt":0,"delayMs":733,"reason":"This operation was aborted"}}
{"http":{"type":"error","url":"https://mapas.igac.gov.co/server/rest/services/Datos_Fundamentales_Transporte_100k/MapServer/4/query?where=1%3D1&outFields=*&returnGeometry=false&f=json&returnCountOnly=true","reason":"This operation was aborted"}}
{"http":{"type":"retry","url":"https://mapas.igac.gov.co/server/rest/services/Datos_Fundamentales_Transporte_100k/MapServer/4/query?where=%281%3D1%29+AND+FID+%3E+-1+AND+FID+%3C%3D+4&outFields=*&returnGeometry=false&f=geojson","attempt":0,"delayMs":732,"reason":"This operation was aborted"}}
{"http":{"type":"error","url":"https://mapas.igac.gov.co/server/rest/services/Datos_Fundamentales_Transporte_100k/MapServer/4/query?where=%281%3D1%29+AND+FID+%3E+-1+AND+FID+%3C%3D+4&outFields=*&returnGeometry=false&f=geojson","reason":"This operation was aborted"}}
{"http":{"type":"error","url":"https://mapas.igac.gov.co/server/rest/services/Datos_Fundamentales_Transporte_100k/MapServer/5/query?where=1%3D1&outFields=*&returnGeometry=false&f=json&returnCountOnly=true","reason":"This operation was aborted"}}
{"http":{"type":"retry","url":"https://mapas.igac.gov.co/server/rest/services/Datos_Fundamentales_Transporte_100k/MapServer/5/query?where=%281%3D1%29+AND+FID+%3E+-1+AND+FID+%3C%3D+4&outFields=*&returnGeometry=false&f=geojson","attempt":0,"delayMs":843,"reason":"This operation was aborted"}}
{"http":{"type":"error","url":"https://mapas.igac.gov.co/server/rest/services/Datos_Fundamentales_Transporte_100k/MapServer/6/query?where=1%3D1&outFields=*&returnGeometry=false&f=json&returnCountOnly=true","reason":"This operation was aborted"}}
{"http":{"type":"retry","url":"https://mapas.igac.gov.co/server/rest/services/Datos_Fundamentales_Transporte_100k/MapServer/6/query?where=%281%3D1%29+AND+FID+%3E+-1+AND+FID+%3C%3D+4&outFields=*&returnGeometry=false&f=geojson","attempt":0,"delayMs":560,"reason":"This operation was aborted"}}
{"http":{"type":"error","url":"https://mapas.igac.gov.co/server/rest/services/Datos_Fundamentales_Transporte_100k/MapServer/6/query?where=%281%3D1%29+AND+FID+%3E+-1+AND+FID+%3C%3D+4&outFields=*&returnGeometry=false&f=geojson","reason":"This operation was aborted"}}
{"http":{"type":"error","url":"https://mapas.igac.gov.co/server/rest/services/agrologia/actividadquimicanacional/MapServer/0/query?where=1%3D1&outFields=*&returnGeometry=false&f=json&returnCountOnly=true","reason":"This operation was aborted"}}
{"http":{"type":"retry","url":"https://mapas.igac.gov.co/server/rest/services/agrologia/actividadquimicanacional/MapServer/0/query?where=1%3D1&outFields=*&returnGeometry=false&f=geojson&resultOffset=0&resultRecordCount=5&orderByFields=OBJECTID","attempt":0,"delayMs":911,"reason":"This operation was aborted"}}
{"http":{"type":"error","url":"https://mapas.igac.gov.co/server/rest/services/agrologia/actividadquimicanacional/MapServer/0/query?where=1%3D1&outFields=*&returnGeometry=false&f=geojson&resultOffset=0&resultRecordCount=5&orderByFields=OBJECTID","reason":"This operation was aborted"}}
{"http":{"type":"error","url":"https://mapas.igac.gov.co/server/rest/services/agrologia/areashomogeneasdetierra05360itagui/MapServer/0/query?where=1%3D1&outFields=*&returnGeometry=false&f=json&returnCountOnly=true","reason":"This operation was aborted"}}
{"http":{"type":"retry","url":"https://mapas.igac.gov.co/server/rest/services/agrologia/areashomogeneasdetierra05360itagui/MapServer/0/query?where=1%3D1&outFields=*&returnGeometry=false&f=geojson&resultOffset=0&resultRecordCount=5&orderByFields=OBJECTID","attempt":0,"delayMs":527,"reason":"This operation was aborted"}}
{"http":{"type":"error","url":"https://mapas.igac.gov.co/server/rest/services/agrologia/areashomogeneasdetierra05360itagui/MapServer/0/query?where=1%3D1&outFields=*&returnGeometry=false&f=geojson&resultOffset=0&resultRecordCount=5&orderByFields=OBJECTID","reason":"This operation was aborted"}}
{"http":{"type":"error","url":"https://mapas.igac.gov.co/server/rest/services/agrologia/capacidaddeusodelastierrasbordenortebogota2011/MapServer/0/query?where=1%3D1&outFields=*&returnGeometry=false&f=json&returnCountOnly=true","reason":"This operation was aborted"}}
{"http":{"type":"retry","url":"https://mapas.igac.gov.co/server/rest/services/agrologia/capacidaddeusodelastierrasbordenortebogota2011/MapServer/0/query?where=1%3D1&outFields=*&returnGeometry=false&f=geojson&resultOffset=0&resultRecordCount=5&orderByFields=OBJECTID","attempt":0,"delayMs":587,"reason":"This operation was aborted"}}
{"http":{"type":"error","url":"https://mapas.igac.gov.co/server/rest/services/agrologia/capacidaddeusodelastierrasbordenortebogota2011/MapServer/0/query?where=1%3D1&outFields=*&returnGeometry=false&f=geojson&resultOffset=0&resultRecordCount=5&orderByFields=OBJECTID","reason":"This operation was aborted"}}
{"http":{"type":"error","url":"https://mapas.igac.gov.co/server/rest/services/agrologia/capacidaddeusodelastierrascvc2023/MapServer/0/query?where=1%3D1&outFields=*&returnGeometry=false&f=json&returnCountOnly=true","reason":"This operation was aborted"}}
