{"http":{"type":"retry","url":"https://mapas.igac.gov.co/server/rest/services/Dato_Fundamental_Catastro/MapServer/2/query?where=%281%3D1%29+AND+FID+%3E+-1+AND+FID+%3C%3D+4&outFields=*&returnGeometry=false&f=geojson","attempt":0,"delayMs":872,"reason":"This operation was aborted"}}
{"http":{"type":"error","url":"https://mapas.igac.gov.co/server/rest/services/Dato_Fundamental_Catastro/MapServer/2/query?where=%281%3D1%29+AND+FID+%3E+-1+AND+FID+%3C%3D+4&outFields=*&returnGeometry=false&f=geojson","reason":"This operation was aborted"}}
{"http":{"type":"retry","url":"https://mapas.igac.gov.co/server/rest/services/Dato_Fundamental_Catastro/MapServer/2/query?where=%281%3D1%29+AND+FID+%3E+-1+AND+FID+%3C%3D+4&outFields=*&returnGeometry=false&f=json","attempt":0,"delayMs":754,"reason":"This operation was aborted"}}
{"http":{"type":"error","url":"https://mapas.igac.gov.co/server/rest/services/Dato_Fundamental_Catastro/MapServer/2/query?where=%281%3D1%29+AND+FID+%3E+-1+AND+FID+%3C%3D+4&outFields=*&returnGeometry=false&f=json","reason":"This operation was aborted"}}
{"http":{"type":"retry","url":"https://mapas.igac.gov.co/server/rest/services/Dato_Fundamental_Catastro/MapServer/3/query?where=%281%3D1%29+AND+FID+%3E+-1+AND+FID+%3C%3D+4&outFields=*&returnGeometry=false&f=geojson","attempt":0,"delayMs":654,"reason":"HTTP 502"}}
{"http":{"type":"error","url":"https://mapas.igac.gov.co/server/rest/services/Dato_Fundamental_Catastro/MapServer/3/query?where=%281%3D1%29+AND+FID+%3E+-1+AND+FID+%3C%3D+4&outFields=*&returnGeometry=false&f=geojson","reason":"This operation was aborted"}}
{"http":{"type":"retry","url":"https://mapas.igac.gov.co/server/rest/services/Dato_Fundamental_Catastro/MapServer/3/query?where=%281%3D1%29+AND+FID+%3E+-1+AND+FID+%3C%3D+4&outFields=*&returnGeometry=false&f=json","attempt":0,"delayMs":552,"reason":"This operation was aborted"}}
{"http":{"type":"error","url":"https://mapas.igac.gov.co/server/rest/services/Dato_Fundamental_Catastro/MapServer/3/query?where=%281%3D1%29+AND+FID+%3E+-1+AND+FID+%3C%3D+4&outFields=*&returnGeometry=false&f=json","reason":"This operation was aborted"}}
ms 357577 err null
0 R_CONSTRUCCION wkid 4686 count 393507 sampleN 5 | fields: FID:OID,Shape:Geometry,CODIGO:String,TERRENO_CO:String,TIPO_CONST:String,TIPO_DOMIN:String,NUMERO_PIS:Integer,NUMERO_SOT:Integer,NUMERO_MEZ:Integer,NUMERO_SEM:Integer,ETIQUETA:String,IDENTIFICA:String,CODIGO_EDI:Integer,CODIGO_ANT:String,USUARIO_LO:String[PII],FECHA_LOG:Date,GLOBALID_S:String,codigo_mun:String,SHAPE_Leng:Double,SHAPE_Area:Double,GlobalID:String
1 R_TERRENO wkid 4686 count 3146345 sampleN 5 | fields: FID:OID,Shape:Geometry,CODIGO:String,VEREDA_COD:String,NUMERO_SUB:Integer,CODIGO_ANT:String,GLOBALID_S:String,SHAPE_Leng:Double,SHAPE_Area:Double,GlobalID:String
2 U_CONSTRUCCION wkid 4686 count 4790310 sampleN 0 | fields: FID:OID,Shape:Geometry,CODIGO:String,TERRENO_CO:String,TIPO_CONST:String,TIPO_DOMIN:String,NUMERO_PIS:Integer,NUMERO_SOT:Integer,NUMERO_MEZ:Integer,NUMERO_SEM:Integer,ETIQUETA:String,IDENTIFICA:String,CODIGO_EDI:Integer,CODIGO_ANT:String,GLOBALID_S:String,SHAPE_Leng:Double,SHAPE_Area:Double,GlobalID:String
3 U_MANZANA wkid 4686 count 240033 sampleN 0 | fields: FID:OID,Shape:Geometry,CODIGO:String,BARRIO_COD:String,CODIGO_ANT:String,GLOBALID_S:String,SHAPE_Leng:Double,SHAPE_Area:Double,GlobalID:String
4 U_TERRENO wkid 4686 count 3616349 sampleN 5 | fields: FID:OID,Shape:Geometry,CODIGO:String,MANZANA_CO:String,NUMERO_SUB:Integer,CODIGO_ANT:String,GLOBALID_S:String,SHAPE_Leng:Double,SHAPE_Area:Double,GlobalID:String
SAMPLE R_CONSTRUCCION [{"FID":0,"CODIGO":"084210001000000010520000000000","TERRENO_CO":"084210001000000010520000000000","TIPO_CONST":"CONVENCIONAL","TIPO_DOMIN":"PRIVADO","NUMERO_PIS":1,"NUMERO_SOT":0,"NUMERO_MEZ":0,"NUMERO_SEM":0,"ETIQUETA":" ","IDENTIFICA":"A","CODIGO_EDI":2,"CODIGO_ANT":"08421000100010520000","FECHA_LOG":null,"GLOBALID_S":" ","codigo_mun":" ","SHAPE_Leng":0.00010905538152,"SHAPE_Area":7.43293089435e-10,"GlobalID":"{A825AB44-F5F5-484B-9379-3BB2BE66C22E}"},{"FID":1,"CODIGO":"084210001000000010522000000000","TERRENO_CO":"084210001000000010522000000000","TIPO_CONST":"CONVENCIONAL","TIPO_DOMIN":"PRIVADO","NUMERO_PIS":1,"NUMERO_SOT":0,"NUMERO_MEZ":0,"NUMERO_SEM":0,"ETIQUETA":" ","IDENTIFICA":"A","CODIGO_EDI":1,"CODIGO_ANT":"08421000100010522000","FECHA_LOG":null,"GLOBALID_S":" ","codigo_mun":" ","SHAPE_Leng":0.000152506760055,"SHAPE_Area":1.29280691148e-9,"GlobalID":"{B7478C44-C3C7-4617-9E55-E6168E141CD7}"}]
SAMPLE R_TERRENO [{"FID":0,"CODIGO":"084210002000000010127000000000","VEREDA_COD":"08421000000000000","NUMERO_SUB":0,"CODIGO_ANT":"08421000200010127000","GLOBALID_S":" ","SHAPE_Leng":0.0139942037349,"SHAPE_Area":0.00000817571581279,"GlobalID":"{AFC461F7-4577-4127-A424-06B76F9BCB73}"},{"FID":1,"CODIGO":"084210002000000010223000000000","VEREDA_COD":"08421000000000000","NUMERO_SUB":0,"CODIGO_ANT":"08421000200010223000","GLOBALID_S":" ","SHAPE_Leng":0.0163479654839,"SHAPE_Area":0.00000970363752319,"GlobalID":"{303BBFDB-AFEA-423F-B3CA-CDCD865EB9D2}"}]
SAMPLE U_CONSTRUCCION []
SAMPLE U_MANZANA []
SAMPLE U_TERRENO [{"FID":0,"CODIGO":"084210100000000080013000000000","MANZANA_CO":"08421010000000008","NUMERO_SUB":0,"CODIGO_ANT":"08421010000080013000","GLOBALID_S":" ","SHAPE_Leng":0.000660920897569,"SHAPE_Area":2.47467940194e-8,"GlobalID":"{8893EF9E-214F-4753-9181-C6B18DB7F5F0}"},{"FID":1,"CODIGO":"084210100000000080006000000000","MANZANA_CO":"08421010000000008","NUMERO_SUB":0,"CODIGO_ANT":"08421010000080006000","GLOBALID_S":" ","SHAPE_Leng":0.000576568148127,"SHAPE_Area":1.86036099288e-8,"GlobalID":"{FF7CB760-1DE6-4ABF-A284-D21795B0D2F1}"}]
NOTES U_TERRENO: [
  'La capa declara `supportsPagination: false`: `resultOffset` no funciona y hay que paginar por ventanas de OBJECTID.',
  'La capa declara `supportsStatistics: false`: no se pueden pedir agregados al servicio.',
  'La capa declara supportsPagination=false; se pagina por ventanas de FID. Tampoco soporta orderByFields: el orden de las ventanas no está garantizado.',
  'No se envía resultRecordCount: el servicio lo rechaza con "Pagination is not supported." El tamaño de página se acota con un rango de FID.'
]
stats { requests: 11, cacheHits: 11, retries: 4, errors: 4, bytes: 6103 }
